// Jest Snapshot v1, https://goo.gl/fbAQLP

exports[`Google Auth page tests Getting Jwt token and role 1`] = `
<DocumentFragment>
  <div
    class="flex justify-center items-center h-screen"
  >
    <img
      alt="loader"
      class="z-1 animate-loading"
      src="capsule.png"
      width="70"
    />
  </div>
</DocumentFragment>
`;
