// Jest Snapshot v1, https://goo.gl/fbAQLP

exports[`AppoinmentsCard component Test to check if Appointments cards renders correctly with data 1`] = `
<DocumentFragment>
  <div
    class="ant-card w-[32%] max-xxl:h-[59vh] max-h-[59vh] max-xl:max-h-[60vh] max-xxl:w-[48%] max-xl:w-[48%] max-md:w-9/12 max-sm:w-full  css-dev-only-do-not-override-1adbn6x"
  >
    <div
      class="ant-card-body"
    >
      <h1
        class="text-xl font-bold mb-6 undefined"
      >
        Today's Appointments
      </h1>
      <div
        class="mx-auto px-4 h-[44vh] overflow-y-auto"
      >
        <ul
          class="mt-1 divide-y"
        >
          <li
            class="py-4 mb-2 px-2 bg-[#F0F3F4] rounded-lg"
          >
            <div
              class="flex items-start justify-between"
            >
              <div
                class="flex gap-3"
              >
                <span
                  class="ant-avatar ant-avatar-circle ant-avatar-image css-dev-only-do-not-override-1adbn6x"
                  style="width: 48px; height: 48px; line-height: 48px; font-size: 18px;"
                >
                  <img
                    src="profilepic.png"
                  />
                </span>
                <div>
                  <span
                    class="block text-base text-gray-700"
                  >
                    John Doe
                  </span>
                  <span
                    class="block text-[12px] text-gray-600"
                  >
                    10:00 AM
                  </span>
                </div>
              </div>
              <span
                class="py-1 px-2 rounded-lg pending"
              >
                Pending
              </span>
            </div>
            <div
              class="flex justify-between"
            >
              <span
                class="block text-sm text-gray-700 font-bold"
              >
                <span
                  class="mr-1 py-1 text-gray-500 font-semibold"
                >
                  Referrer
                </span>
                Dr. Smith
              </span>
              <div
                class="flex justify-end gap-4 text-lg"
              >
                <span
                  aria-label="phone"
                  class="anticon anticon-phone rotate-90 cursor-pointer"
                  href="tel:123-456-7890"
                  role="img"
                >
                  <svg
                    aria-hidden="true"
                    data-icon="phone"
                    fill="currentColor"
                    focusable="false"
                    height="1em"
                    viewBox="64 64 896 896"
                    width="1em"
                  >
                    <path
                      d="M721.7 184.9L610.9 295.8l120.8 120.7-8 21.6A481.29 481.29 0 01438 723.9l-21.6 8-.9-.9-119.8-120-110.8 110.9 104.5 104.5c10.8 10.7 26 15.7 40.8 13.2 117.9-19.5 235.4-82.9 330.9-178.4s158.9-213.1 178.4-331c2.5-14.8-2.5-30-13.3-40.8L721.7 184.9z"
                      fill="#e6f4ff"
                    />
                    <path
                      d="M877.1 238.7L770.6 132.3c-13-13-30.4-20.3-48.8-20.3s-35.8 7.2-48.8 20.3L558.3 246.8c-13 13-20.3 30.5-20.3 48.9 0 18.5 7.2 35.8 20.3 48.9l89.6 89.7a405.46 405.46 0 01-86.4 127.3c-36.7 36.9-79.6 66-127.2 86.6l-89.6-89.7c-13-13-30.4-20.3-48.8-20.3a68.2 68.2 0 00-48.8 20.3L132.3 673c-13 13-20.3 30.5-20.3 48.9 0 18.5 7.2 35.8 20.3 48.9l106.4 106.4c22.2 22.2 52.8 34.9 84.2 34.9 6.5 0 12.8-.5 19.2-1.6 132.4-21.8 263.8-92.3 369.9-198.3C818 606 888.4 474.6 910.4 342.1c6.3-37.6-6.3-76.3-33.3-103.4zm-37.6 91.5c-19.5 117.9-82.9 235.5-178.4 331s-213 158.9-330.9 178.4c-14.8 2.5-30-2.5-40.8-13.2L184.9 721.9 295.7 611l119.8 120 .9.9 21.6-8a481.29 481.29 0 00285.7-285.8l8-21.6-120.8-120.7 110.8-110.9 104.5 104.5c10.8 10.8 15.8 26 13.3 40.8z"
                      fill="#1677ff"
                    />
                  </svg>
                </span>
                <span
                  aria-label="close-circle"
                  class="anticon anticon-close-circle cursor-pointer"
                  data-testid="cancel-appointment-btn"
                  role="img"
                  tabindex="-1"
                >
                  <svg
                    aria-hidden="true"
                    data-icon="close-circle"
                    fill="currentColor"
                    focusable="false"
                    height="1em"
                    viewBox="64 64 896 896"
                    width="1em"
                  >
                    <path
                      d="M512 64C264.6 64 64 264.6 64 512s200.6 448 448 448 448-200.6 448-448S759.4 64 512 64zm0 820c-205.4 0-372-166.6-372-372s166.6-372 372-372 372 166.6 372 372-166.6 372-372 372z"
                      fill="#1677ff"
                    />
                    <path
                      d="M512 140c-205.4 0-372 166.6-372 372s166.6 372 372 372 372-166.6 372-372-166.6-372-372-372zm171.8 527.1c1.2 1.5 1.9 3.3 1.9 5.2 0 4.5-3.6 8-8 8l-66-.3-99.3-118.4-99.3 118.5-66.1.3c-4.4 0-8-3.6-8-8 0-1.9.7-3.7 1.9-5.2L471 512.3l-130.1-155a8.32 8.32 0 01-1.9-5.2c0-4.5 3.6-8 8-8l66.1.3 99.3 118.4 99.4-118.5 66-.3c4.4 0 8 3.6 8 8 0 1.9-.6 3.8-1.8 5.2l-130.1 155 129.9 154.9z"
                      fill="#e6f4ff"
                    />
                    <path
                      d="M685.8 352c0-4.4-3.6-8-8-8l-66 .3-99.4 118.5-99.3-118.4-66.1-.3c-4.4 0-8 3.5-8 8 0 1.9.7 3.7 1.9 5.2l130.1 155-130.1 154.9a8.32 8.32 0 00-1.9 5.2c0 4.4 3.6 8 8 8l66.1-.3 99.3-118.5L611.7 680l66 .3c4.4 0 8-3.5 8-8 0-1.9-.7-3.7-1.9-5.2L553.9 512.2l130.1-155c1.2-1.4 1.8-3.3 1.8-5.2z"
                      fill="#1677ff"
                    />
                  </svg>
                </span>
              </div>
            </div>
          </li>
        </ul>
      </div>
    </div>
  </div>
</DocumentFragment>
`;
